// Vitest Snapshot v1, https://vitest.dev/guide/snapshot.html

exports[`calculateDistanceThreshold > 閾値の計算 1`] = `
{
  "examples": [
    "太郎さんはファッションとして伊達メガネをかけている。",
    "太郎さんは伊達メガネをオシャレのためにかけている。",
    "太郎さんはオシャレのために伊達メガネをつけている。",
    "太郎さんはオシャレになるために度の入っていないメガネをかけている。",
    "太郎さんがかけているのは度の入っていない伊達メガネである。",
    "太郎さんはオシャレ好きで、オシャレのために伊達メガネをかけている。",
  ],
  "threshold": 0.20725706064180946,
}
`;

exports[`calculateDistanceThreshold > 閾値の計算 2`] = `
{
  "examples": [
    "山田さんは人を殺害し男性用トイレに死体を隠そうとしたが、用を足しに来た男性に見つかりそうになり女性用トイレに逃げ込んだ。",
    "山田さんは人を殺し、男用のトイレにそれを隠していたが、他の男たちに見つかりそうになり女用のトイレに入った。",
    "山田さんは人を殺害し、男性用トイレに死体を隠そうとした。しかし、小便をしに来た男性に見つかりそうになり女性用トイレへ逃げ込んだ。",
    "山田さんは人を殺害した後男性用トイレに死体を隠そうとした。しかし、用を足しに来た男性に見つかりそうになり女性用トイレに逃げ込んだ。",
    "山田さんは人を殺害し、男子トイレに死体を隠そうとした。が、用を足しに来た男に見つかりそうになり女子トイレに逃げ込んだ。",
  ],
  "threshold": 0.12459453717743928,
}
`;
