// Vitest Snapshot v1, https://vitest.dev/guide/snapshot.html

exports[`parseYaml > should parse input yaml 1`] = `
{
  "data": {
    "questionExamples": [
      {
        "answer": "いいえ",
        "question": "太郎さんのメガネには度が入っていますか？",
        "supplement": "太郎さんのメガネは伊達メガネであり、度は入っていません。",
      },
      {
        "answer": "いいえ",
        "question": "太郎さんのメガネはブルーライトカットですか？",
        "supplement": "太郎さんのメガネにブルーライトカット機能はありません。",
      },
      {
        "answer": "はい",
        "question": "太郎さんはおしゃれのためにメガネをかけていますか？",
        "supplement": "太郎さんはオシャレ好きであり、オシャレのためにメガネをかけています。",
      },
      {
        "answer": "わからない",
        "question": "太郎さんは男ですか?",
        "supplement": "太郎さんの性別については言及されていません。",
      },
    ],
    "quiz": "太郎さんは視力がとてもいいのにメガネをかけている。なぜか？",
    "simpleTruth": "太郎さんはオシャレ好きで、オシャレのために伊達メガネをかけている。",
    "title": "太郎さんのメガネ",
    "truth": "太郎さんはオシャレ好きであり、おしゃれのために伊達メガネをかけている。",
  },
  "success": true,
}
`;
