// Vitest Snapshot v1, https://vitest.dev/guide/snapshot.html

exports[`initCacheMswServer > anthropic 1`] = `
[
  {
    "text": "Hello! How can I",
    "type": "text",
  },
]
`;

exports[`initCacheMswServer > embeddings 1`] = `3`;

exports[`initCacheMswServer > fetch 1`] = `
{
  "abbreviation": "WAT",
  "client_ip": "240b:10:1f20:2c00:841:54a1:c6c6:6dc6",
  "datetime": "2024-03-17T11:27:39.904055+01:00",
  "day_of_week": 0,
  "day_of_year": 77,
  "dst": false,
  "dst_from": null,
  "dst_offset": 0,
  "dst_until": null,
  "raw_offset": 3600,
  "timezone": "Africa/Lagos",
  "unixtime": 1710671259,
  "utc_datetime": "2024-03-17T10:27:39.904055+00:00",
  "utc_offset": "+01:00",
  "week_number": 11,
}
`;

exports[`initCacheMswServer > openai 1`] = `
[
  {
    "finish_reason": "length",
    "index": 0,
    "logprobs": null,
    "message": {
      "content": "I am a virtual assistant",
      "role": "assistant",
    },
  },
]
`;
