// Vitest Snapshot v1, https://vitest.dev/guide/snapshot.html

exports[`initCacheMswServer > anthropic 1`] = `"{\\"id\\":\\"msg_011yi3cjXH4JGfHVABcifzvD\\",\\"type\\":\\"message\\",\\"role\\":\\"assistant\\",\\"content\\":[{\\"type\\":\\"text\\",\\"text\\":\\"こんにちは!\\"}],\\"model\\":\\"claude-2.0\\",\\"stop_reason\\":\\"max_tokens\\",\\"stop_sequence\\":null,\\"usage\\":{\\"input_tokens\\":15,\\"output_tokens\\":10}}"`;
